// Jest Snapshot v1, https://goo.gl/fbAQLP

exports[`Storyshots Header Simple use 1`] = `
<header
  style={
    Object {
      "background": "rebeccapurple",
      "marginBottom": "1.45rem",
    }
  }
>
  <div
    style={
      Object {
        "margin": "0 auto",
        "maxWidth": 960,
        "padding": "1.45rem 1.0875rem",
      }
    }
  >
    <h1
      style={
        Object {
          "margin": 0,
        }
      }
    >
      <a
        aria-current="page"
        className=""
        href="/"
        onClick={[Function]}
        onMouseEnter={[Function]}
        style={
          Object {
            "color": "white",
            "textDecoration": "none",
          }
        }
      >
        
      </a>
    </h1>
  </div>
</header>
`;

exports[`Storyshots Welcome to Storybook 1`] = `
<section>
  <h1>
    Welcome to React Canarias Storybook!!
  </h1>
  <p>
    Aquí podemos declarar la estructura del proyecto y los estilos que seguimos, así como la forma de trabajar en Github.
  </p>
</section>
`;
